....................
----------------------------------------------------------------------
Ran 20 tests in 0.000s

OK
