os = <unloaded module 'os'>
os.system = <built-in function system>
os = <module 'os' from '?'>
util = <unloaded module 'util'>
util.system = <function system at 0x?>
util = <module 'mercurial.util' from '?'>
util.system = <function system at 0x?>
fred = <unloaded module 're'>
re = <unloaded module 'sys'>
fred = <unloaded module 're'>
fred.sub = <function sub at 0x?>
fred = <proxied module 're'>
re = <unloaded module 'sys'>
re.stderr = <open file '<stderr>', mode 'w' at 0x?>
re = <proxied module 'sys'>
