ERROR: FIXME: This is a known failure of filelog.size for data starting with \1\n
OK.
