% creating repo
% add and commit
C test.py
% change
M test.py
